// Jest Snapshot v1, https://goo.gl/fbAQLP

exports[`Comic is expected to match the snapshot 1`] = `"<Comic />"`;
